Archive member included because of file (symbol)

c:/winavr-20100110/bin/../lib/gcc/avr/4.3.3/avr5\libgcc.a(_udivmodhi4.o)
                              ./control.o (__udivmodhi4)
c:/winavr-20100110/bin/../lib/gcc/avr/4.3.3/avr5\libgcc.a(_udivmodsi4.o)
                              ./twi.o (__udivmodsi4)
c:/winavr-20100110/bin/../lib/gcc/avr/4.3.3/avr5\libgcc.a(_exit.o)
                              c:/winavr-20100110/bin/../lib/gcc/avr/4.3.3/../../../../avr/lib/avr5/crtm16.o (exit)
c:/winavr-20100110/bin/../lib/gcc/avr/4.3.3/avr5\libgcc.a(_copy_data.o)
                              ./control.o (__do_copy_data)
c:/winavr-20100110/bin/../lib/gcc/avr/4.3.3/avr5\libgcc.a(_clear_bss.o)
                              ./control.o (__do_clear_bss)
c:/winavr-20100110/bin/../lib/gcc/avr/4.3.3/../../../../avr/lib/avr5\libc.a(strcmp.o)
                              ./control.o (strcmp)

Allocating common symbols
Common symbol       size              file

password2           0x6               ./control.o
password1           0x6               ./control.o

Memory Configuration

Name             Origin             Length             Attributes
text             0x00000000         0x00020000         xr
data             0x00800060         0x0000ffa0         rw !x
eeprom           0x00810000         0x00010000         rw !x
fuse             0x00820000         0x00000400         rw !x
lock             0x00830000         0x00000400         rw !x
signature        0x00840000         0x00000400         rw !x
*default*        0x00000000         0xffffffff

Linker script and memory map

LOAD c:/winavr-20100110/bin/../lib/gcc/avr/4.3.3/../../../../avr/lib/avr5/crtm16.o
LOAD ./buzzer.o
LOAD ./control.o
LOAD ./dc_motor.o
LOAD ./external_eeprom.o
LOAD ./gpio.o
LOAD ./timer.o
LOAD ./twi.o
LOAD ./uart.o
LOAD c:/winavr-20100110/bin/../lib/gcc/avr/4.3.3/avr5\libgcc.a
LOAD c:/winavr-20100110/bin/../lib/gcc/avr/4.3.3/../../../../avr/lib/avr5\libc.a
LOAD c:/winavr-20100110/bin/../lib/gcc/avr/4.3.3/avr5\libgcc.a

.hash
 *(.hash)

.dynsym
 *(.dynsym)

.dynstr
 *(.dynstr)

.gnu.version
 *(.gnu.version)

.gnu.version_d
 *(.gnu.version_d)

.gnu.version_r
 *(.gnu.version_r)

.rel.init
 *(.rel.init)

.rela.init
 *(.rela.init)

.rel.text
 *(.rel.text)
 *(.rel.text.*)
 *(.rel.gnu.linkonce.t*)

.rela.text
 *(.rela.text)
 *(.rela.text.*)
 *(.rela.gnu.linkonce.t*)

.rel.fini
 *(.rel.fini)

.rela.fini
 *(.rela.fini)

.rel.rodata
 *(.rel.rodata)
 *(.rel.rodata.*)
 *(.rel.gnu.linkonce.r*)

.rela.rodata
 *(.rela.rodata)
 *(.rela.rodata.*)
 *(.rela.gnu.linkonce.r*)

.rel.data
 *(.rel.data)
 *(.rel.data.*)
 *(.rel.gnu.linkonce.d*)

.rela.data
 *(.rela.data)
 *(.rela.data.*)
 *(.rela.gnu.linkonce.d*)

.rel.ctors
 *(.rel.ctors)

.rela.ctors
 *(.rela.ctors)

.rel.dtors
 *(.rel.dtors)

.rela.dtors
 *(.rela.dtors)

.rel.got
 *(.rel.got)

.rela.got
 *(.rela.got)

.rel.bss
 *(.rel.bss)

.rela.bss
 *(.rela.bss)

.rel.plt
 *(.rel.plt)

.rela.plt
 *(.rela.plt)

.text           0x00000000     0x170a
 *(.vectors)
 .vectors       0x00000000       0x54 c:/winavr-20100110/bin/../lib/gcc/avr/4.3.3/../../../../avr/lib/avr5/crtm16.o
                0x00000000                __vectors
                0x00000000                __vector_default
 *(.vectors)
 *(.progmem.gcc*)
 *(.progmem*)
                0x00000054                . = ALIGN (0x2)
                0x00000054                __trampolines_start = .
 *(.trampolines)
 .trampolines   0x00000054        0x0 linker stubs
 *(.trampolines*)
                0x00000054                __trampolines_end = .
 *(.jumptables)
 *(.jumptables*)
 *(.lowtext)
 *(.lowtext*)
                0x00000054                __ctors_start = .
 *(.ctors)
                0x00000054                __ctors_end = .
                0x00000054                __dtors_start = .
 *(.dtors)
                0x00000054                __dtors_end = .
 SORT(*)(.ctors)
 SORT(*)(.dtors)
 *(.init0)
 .init0         0x00000054        0x0 c:/winavr-20100110/bin/../lib/gcc/avr/4.3.3/../../../../avr/lib/avr5/crtm16.o
                0x00000054                __init
 *(.init0)
 *(.init1)
 *(.init1)
 *(.init2)
 .init2         0x00000054        0xc c:/winavr-20100110/bin/../lib/gcc/avr/4.3.3/../../../../avr/lib/avr5/crtm16.o
 *(.init2)
 *(.init3)
 *(.init3)
 *(.init4)
 .init4         0x00000060       0x16 c:/winavr-20100110/bin/../lib/gcc/avr/4.3.3/avr5\libgcc.a(_copy_data.o)
                0x00000060                __do_copy_data
 .init4         0x00000076       0x10 c:/winavr-20100110/bin/../lib/gcc/avr/4.3.3/avr5\libgcc.a(_clear_bss.o)
                0x00000076                __do_clear_bss
 *(.init4)
 *(.init5)
 *(.init5)
 *(.init6)
 *(.init6)
 *(.init7)
 *(.init7)
 *(.init8)
 *(.init8)
 *(.init9)
 .init9         0x00000086        0x8 c:/winavr-20100110/bin/../lib/gcc/avr/4.3.3/../../../../avr/lib/avr5/crtm16.o
 *(.init9)
 *(.text)
 .text          0x0000008e        0x4 c:/winavr-20100110/bin/../lib/gcc/avr/4.3.3/../../../../avr/lib/avr5/crtm16.o
                0x0000008e                __vector_1
                0x0000008e                __vector_12
                0x0000008e                __bad_interrupt
                0x0000008e                __vector_11
                0x0000008e                __vector_13
                0x0000008e                __vector_17
                0x0000008e                __vector_7
                0x0000008e                __vector_5
                0x0000008e                __vector_2
                0x0000008e                __vector_15
                0x0000008e                __vector_14
                0x0000008e                __vector_10
                0x0000008e                __vector_16
                0x0000008e                __vector_18
                0x0000008e                __vector_20
 .text          0x00000092        0x0 ./buzzer.o
 .text          0x00000092        0x0 ./control.o
 .text          0x00000092        0x0 ./dc_motor.o
 .text          0x00000092        0x0 ./external_eeprom.o
 .text          0x00000092        0x0 ./gpio.o
 .text          0x00000092        0x0 ./timer.o
 .text          0x00000092        0x0 ./twi.o
 .text          0x00000092        0x0 ./uart.o
 .text          0x00000092        0x0 c:/winavr-20100110/bin/../lib/gcc/avr/4.3.3/avr5\libgcc.a(_udivmodhi4.o)
 .text          0x00000092        0x0 c:/winavr-20100110/bin/../lib/gcc/avr/4.3.3/avr5\libgcc.a(_udivmodsi4.o)
 .text          0x00000092        0x0 c:/winavr-20100110/bin/../lib/gcc/avr/4.3.3/avr5\libgcc.a(_exit.o)
 .text          0x00000092        0x0 c:/winavr-20100110/bin/../lib/gcc/avr/4.3.3/avr5\libgcc.a(_copy_data.o)
 .text          0x00000092        0x0 c:/winavr-20100110/bin/../lib/gcc/avr/4.3.3/avr5\libgcc.a(_clear_bss.o)
 .text          0x00000092        0x0 c:/winavr-20100110/bin/../lib/gcc/avr/4.3.3/../../../../avr/lib/avr5\libc.a(strcmp.o)
                0x00000092                . = ALIGN (0x2)
 *(.text.*)
 .text.BUZZER_init
                0x00000092       0x22 ./buzzer.o
                0x00000092                BUZZER_init
 .text.BUZZER_on
                0x000000b4       0x18 ./buzzer.o
                0x000000b4                BUZZER_on
 .text.BUZZER_off
                0x000000cc       0x18 ./buzzer.o
                0x000000cc                BUZZER_off
 .text.main     0x000000e4      0x116 ./control.o
                0x000000e4                main
 .text.get_password
                0x000001fa       0x8a ./control.o
                0x000001fa                get_password
 .text.playBuzzer
                0x00000284       0x1e ./control.o
                0x00000284                playBuzzer
 .text.opentTheDoor
                0x000002a2       0x3e ./control.o
                0x000002a2                opentTheDoor
 .text.validatePassword
                0x000002e0       0x72 ./control.o
                0x000002e0                validatePassword
 .text.delay    0x00000352       0xb2 ./control.o
                0x00000352                delay
 .text.startDelay
                0x00000404       0x3c ./control.o
                0x00000404                startDelay
 .text.DcMotor_Init
                0x00000440       0x36 ./dc_motor.o
                0x00000440                DcMotor_Init
 .text.DcMotor_Rotate
                0x00000476       0x80 ./dc_motor.o
                0x00000476                DcMotor_Rotate
 .text.EEPROM_writeByte
                0x000004f6       0x82 ./external_eeprom.o
                0x000004f6                EEPROM_writeByte
 .text.EEPROM_readByte
                0x00000578       0xc0 ./external_eeprom.o
                0x00000578                EEPROM_readByte
 .text.GPIO_setupPinDirection
                0x00000638      0x1d6 ./gpio.o
                0x00000638                GPIO_setupPinDirection
 .text.GPIO_writePin
                0x0000080e      0x1d6 ./gpio.o
                0x0000080e                GPIO_writePin
 .text.GPIO_readPin
                0x000009e4      0x136 ./gpio.o
                0x000009e4                GPIO_readPin
 .text.GPIO_setupPortDirection
                0x00000b1a       0x88 ./gpio.o
                0x00000b1a                GPIO_setupPortDirection
 .text.GPIO_writePort
                0x00000ba2       0x88 ./gpio.o
                0x00000ba2                GPIO_writePort
 .text.GPIO_readPort
                0x00000c2a       0x8a ./gpio.o
                0x00000c2a                GPIO_readPort
 .text.__vector_9
                0x00000cb4       0x66 ./timer.o
                0x00000cb4                __vector_9
 .text.__vector_19
                0x00000d1a       0x66 ./timer.o
                0x00000d1a                __vector_19
 .text.__vector_8
                0x00000d80       0x66 ./timer.o
                0x00000d80                __vector_8
 .text.__vector_6
                0x00000de6       0x66 ./timer.o
                0x00000de6                __vector_6
 .text.__vector_4
                0x00000e4c       0x66 ./timer.o
                0x00000e4c                __vector_4
 .text.__vector_3
                0x00000eb2       0x66 ./timer.o
                0x00000eb2                __vector_3
 .text.TIMER_init
                0x00000f18      0x29e ./timer.o
                0x00000f18                TIMER_init
 .text.TIMER_setCallback
                0x000011b6       0x58 ./timer.o
                0x000011b6                TIMER_setCallback
 .text.TIMER_deInit
                0x0000120e      0x112 ./timer.o
                0x0000120e                TIMER_deInit
 .text.TWI_init
                0x00001320       0x70 ./twi.o
                0x00001320                TWI_init
 .text.TWI_start
                0x00001390       0x20 ./twi.o
                0x00001390                TWI_start
 .text.TWI_stop
                0x000013b0       0x16 ./twi.o
                0x000013b0                TWI_stop
 .text.TWI_writeByte
                0x000013c6       0x2e ./twi.o
                0x000013c6                TWI_writeByte
 .text.TWI_readByteWithACK
                0x000013f4       0x26 ./twi.o
                0x000013f4                TWI_readByteWithACK
 .text.TWI_readByteWithNACK
                0x0000141a       0x26 ./twi.o
                0x0000141a                TWI_readByteWithNACK
 .text.TWI_getStatus
                0x00001440       0x1e ./twi.o
                0x00001440                TWI_getStatus
 .text.UART_init
                0x0000145e      0x106 ./uart.o
                0x0000145e                UART_init
 .text.UART_sendByte
                0x00001564       0x2e ./uart.o
                0x00001564                UART_sendByte
 .text.UART_recieveByte
                0x00001592       0x1e ./uart.o
                0x00001592                UART_recieveByte
 .text.UART_sendString
                0x000015b0       0x52 ./uart.o
                0x000015b0                UART_sendString
 .text.UART_receiveString
                0x00001602       0x86 ./uart.o
                0x00001602                UART_receiveString
 .text.libgcc   0x00001688       0x28 c:/winavr-20100110/bin/../lib/gcc/avr/4.3.3/avr5\libgcc.a(_udivmodhi4.o)
                0x00001688                __udivmodhi4
 .text.libgcc   0x000016b0       0x44 c:/winavr-20100110/bin/../lib/gcc/avr/4.3.3/avr5\libgcc.a(_udivmodsi4.o)
                0x000016b0                __udivmodsi4
 .text.libgcc   0x000016f4        0x0 c:/winavr-20100110/bin/../lib/gcc/avr/4.3.3/avr5\libgcc.a(_exit.o)
 .text.libgcc   0x000016f4        0x0 c:/winavr-20100110/bin/../lib/gcc/avr/4.3.3/avr5\libgcc.a(_copy_data.o)
 .text.libgcc   0x000016f4        0x0 c:/winavr-20100110/bin/../lib/gcc/avr/4.3.3/avr5\libgcc.a(_clear_bss.o)
 .text.avr-libc
                0x000016f4       0x12 c:/winavr-20100110/bin/../lib/gcc/avr/4.3.3/../../../../avr/lib/avr5\libc.a(strcmp.o)
                0x000016f4                strcmp
                0x00001706                . = ALIGN (0x2)
 *(.fini9)
 .fini9         0x00001706        0x0 c:/winavr-20100110/bin/../lib/gcc/avr/4.3.3/avr5\libgcc.a(_exit.o)
                0x00001706                exit
                0x00001706                _exit
 *(.fini9)
 *(.fini8)
 *(.fini8)
 *(.fini7)
 *(.fini7)
 *(.fini6)
 *(.fini6)
 *(.fini5)
 *(.fini5)
 *(.fini4)
 *(.fini4)
 *(.fini3)
 *(.fini3)
 *(.fini2)
 *(.fini2)
 *(.fini1)
 *(.fini1)
 *(.fini0)
 .fini0         0x00001706        0x4 c:/winavr-20100110/bin/../lib/gcc/avr/4.3.3/avr5\libgcc.a(_exit.o)
 *(.fini0)
                0x0000170a                _etext = .

.data           0x00800060       0x14 load address 0x0000170a
                0x00800060                PROVIDE (__data_start, .)
 *(.data)
 .data          0x00800060        0x0 c:/winavr-20100110/bin/../lib/gcc/avr/4.3.3/../../../../avr/lib/avr5/crtm16.o
 .data          0x00800060        0x0 ./buzzer.o
 .data          0x00800060        0x0 ./control.o
 .data          0x00800060        0x0 ./dc_motor.o
 .data          0x00800060        0x0 ./external_eeprom.o
 .data          0x00800060        0x0 ./gpio.o
 .data          0x00800060        0x0 ./timer.o
 .data          0x00800060        0x0 ./twi.o
 .data          0x00800060        0x0 ./uart.o
 .data          0x00800060        0x0 c:/winavr-20100110/bin/../lib/gcc/avr/4.3.3/avr5\libgcc.a(_udivmodhi4.o)
 .data          0x00800060        0x0 c:/winavr-20100110/bin/../lib/gcc/avr/4.3.3/avr5\libgcc.a(_udivmodsi4.o)
 .data          0x00800060        0x0 c:/winavr-20100110/bin/../lib/gcc/avr/4.3.3/avr5\libgcc.a(_exit.o)
 .data          0x00800060        0x0 c:/winavr-20100110/bin/../lib/gcc/avr/4.3.3/avr5\libgcc.a(_copy_data.o)
 .data          0x00800060        0x0 c:/winavr-20100110/bin/../lib/gcc/avr/4.3.3/avr5\libgcc.a(_clear_bss.o)
 .data          0x00800060        0x0 c:/winavr-20100110/bin/../lib/gcc/avr/4.3.3/../../../../avr/lib/avr5\libc.a(strcmp.o)
 *(.data*)
 *(.rodata)
 *(.rodata*)
 .rodata.C.1.1358
                0x00800060        0x5 ./control.o
 .rodata.C.0.1357
                0x00800065        0x7 ./control.o
 .rodata.C.4.1407
                0x0080006c        0x7 ./control.o
 *(.gnu.linkonce.d*)
                0x00800074                . = ALIGN (0x2)
 *fill*         0x00800073        0x1 00
                0x00800074                _edata = .
                0x00800074                PROVIDE (__data_end, .)

.bss            0x00800074       0x16
                0x00800074                PROVIDE (__bss_start, .)
 *(.bss)
 .bss           0x00800074        0x0 c:/winavr-20100110/bin/../lib/gcc/avr/4.3.3/../../../../avr/lib/avr5/crtm16.o
 .bss           0x00800074        0x0 ./buzzer.o
 .bss           0x00800074        0x0 ./control.o
 .bss           0x00800074        0x0 ./dc_motor.o
 .bss           0x00800074        0x0 ./external_eeprom.o
 .bss           0x00800074        0x0 ./gpio.o
 .bss           0x00800074        0x0 ./timer.o
 .bss           0x00800074        0x0 ./twi.o
 .bss           0x00800074        0x0 ./uart.o
 .bss           0x00800074        0x0 c:/winavr-20100110/bin/../lib/gcc/avr/4.3.3/avr5\libgcc.a(_udivmodhi4.o)
 .bss           0x00800074        0x0 c:/winavr-20100110/bin/../lib/gcc/avr/4.3.3/avr5\libgcc.a(_udivmodsi4.o)
 .bss           0x00800074        0x0 c:/winavr-20100110/bin/../lib/gcc/avr/4.3.3/avr5\libgcc.a(_exit.o)
 .bss           0x00800074        0x0 c:/winavr-20100110/bin/../lib/gcc/avr/4.3.3/avr5\libgcc.a(_copy_data.o)
 .bss           0x00800074        0x0 c:/winavr-20100110/bin/../lib/gcc/avr/4.3.3/avr5\libgcc.a(_clear_bss.o)
 .bss           0x00800074        0x0 c:/winavr-20100110/bin/../lib/gcc/avr/4.3.3/../../../../avr/lib/avr5\libc.a(strcmp.o)
 *(.bss*)
 .bss.tick      0x00800074        0x2 ./control.o
                0x00800074                tick
 .bss.finalTick
                0x00800076        0x2 ./control.o
                0x00800076                finalTick
 .bss.g_callBackPtrT0
                0x00800078        0x2 ./timer.o
 .bss.g_callBackPtrT1
                0x0080007a        0x2 ./timer.o
 .bss.g_callBackPtrT2
                0x0080007c        0x2 ./timer.o
 *(COMMON)
 COMMON         0x0080007e        0xc ./control.o
                0x0080007e                password2
                0x00800084                password1
                0x0080008a                PROVIDE (__bss_end, .)
                0x0000170a                __data_load_start = LOADADDR (.data)
                0x0000171e                __data_load_end = (__data_load_start + SIZEOF (.data))

.noinit         0x0080008a        0x0
                0x0080008a                PROVIDE (__noinit_start, .)
 *(.noinit*)
                0x0080008a                PROVIDE (__noinit_end, .)
                0x0080008a                _end = .
                0x0080008a                PROVIDE (__heap_start, .)

.eeprom         0x00810000        0x0
 *(.eeprom*)
                0x00810000                __eeprom_end = .

.fuse
 *(.fuse)
 *(.lfuse)
 *(.hfuse)
 *(.efuse)

.lock
 *(.lock*)

.signature
 *(.signature*)

.stab           0x00000000     0x22c8
 *(.stab)
 .stab          0x00000000      0x264 ./buzzer.o
 .stab          0x00000264      0x840 ./control.o
                                0x8dc (size before relaxing)
 .stab          0x00000aa4      0x1d4 ./dc_motor.o
                                0x2d0 (size before relaxing)
 .stab          0x00000c78      0x318 ./external_eeprom.o
                                0x3e4 (size before relaxing)
 .stab          0x00000f90      0x5e8 ./gpio.o
                                0x870 (size before relaxing)
 .stab          0x00001578      0x684 ./timer.o
                                0x930 (size before relaxing)
 .stab          0x00001bfc      0x33c ./twi.o
                                0x5b8 (size before relaxing)
 .stab          0x00001f38      0x390 ./uart.o
                                0x63c (size before relaxing)

.stabstr        0x00000000     0x12a4
 *(.stabstr)
 .stabstr       0x00000000     0x12a4 ./buzzer.o

.stab.excl
 *(.stab.excl)

.stab.exclstr
 *(.stab.exclstr)

.stab.index
 *(.stab.index)

.stab.indexstr
 *(.stab.indexstr)

.comment
 *(.comment)

.debug
 *(.debug)

.line
 *(.line)

.debug_srcinfo
 *(.debug_srcinfo)

.debug_sfnames
 *(.debug_sfnames)

.debug_aranges
 *(.debug_aranges)

.debug_pubnames
 *(.debug_pubnames)

.debug_info
 *(.debug_info)
 *(.gnu.linkonce.wi.*)

.debug_abbrev
 *(.debug_abbrev)

.debug_line
 *(.debug_line)

.debug_frame
 *(.debug_frame)

.debug_str
 *(.debug_str)

.debug_loc
 *(.debug_loc)

.debug_macinfo
 *(.debug_macinfo)
OUTPUT(control_ecu.elf elf32-avr)
LOAD linker stubs
